Performing system checks...

System check identified no issues (0 silenced).
August 11, 2026 - 15:25:47
Django version 6.0.6, using settings 'config.settings'
Starting development server at http://0.0.0.0:8000/
Quit the server with CTRL-BREAK.

WARNING: This is a development server. Do not use it in a production setting. Use a production WSGI or ASGI server instead.
For more information on production servers see: https://docs.djangoproject.com/en/6.0/howto/deployment/
Performing system checks...

System check identified no issues (0 silenced).
August 11, 2026 - 16:26:48
Django version 6.0.6, using settings 'config.settings'
Starting development server at http://0.0.0.0:8000/
Quit the server with CTRL-BREAK.

WARNING: This is a development server. Do not use it in a production setting. Use a production WSGI or ASGI server instead.
For more information on production servers see: https://docs.djangoproject.com/en/6.0/howto/deployment/
Performing system checks...

System check identified no issues (0 silenced).
August 11, 2026 - 16:32:35
Django version 6.0.6, using settings 'config.settings'
Starting development server at http://0.0.0.0:8000/
Quit the server with CTRL-BREAK.

WARNING: This is a development server. Do not use it in a production setting. Use a production WSGI or ASGI server instead.
For more information on production servers see: https://docs.djangoproject.com/en/6.0/howto/deployment/
Performing system checks...

System check identified no issues (0 silenced).
August 11, 2026 - 16:32:57
Django version 6.0.6, using settings 'config.settings'
Starting development server at http://0.0.0.0:8000/
Quit the server with CTRL-BREAK.

WARNING: This is a development server. Do not use it in a production setting. Use a production WSGI or ASGI server instead.
For more information on production servers see: https://docs.djangoproject.com/en/6.0/howto/deployment/
Performing system checks...

System check identified no issues (0 silenced).
August 11, 2026 - 16:33:09
Django version 6.0.6, using settings 'config.settings'
Starting development server at http://0.0.0.0:8000/
Quit the server with CTRL-BREAK.

WARNING: This is a development server. Do not use it in a production setting. Use a production WSGI or ASGI server instead.
For more information on production servers see: https://docs.djangoproject.com/en/6.0/howto/deployment/
Performing system checks...

System check identified no issues (0 silenced).
August 11, 2026 - 16:33:21
Django version 6.0.6, using settings 'config.settings'
Starting development server at http://0.0.0.0:8000/
Quit the server with CTRL-BREAK.

WARNING: This is a development server. Do not use it in a production setting. Use a production WSGI or ASGI server instead.
For more information on production servers see: https://docs.djangoproject.com/en/6.0/howto/deployment/
Performing system checks...

System check identified no issues (0 silenced).
August 11, 2026 - 16:37:34
Django version 6.0.6, using settings 'config.settings'
Starting ASGI/Daphne version 4.2.3 development server at http://0.0.0.0:8000/
Quit the server with CTRL-BREAK.
Performing system checks...

System check identified no issues (0 silenced).
August 11, 2026 - 16:47:14
Django version 6.0.6, using settings 'config.settings'
Starting ASGI/Daphne version 4.2.3 development server at http://0.0.0.0:8000/
Quit the server with CTRL-BREAK.
Performing system checks...

System check identified no issues (0 silenced).
August 11, 2026 - 17:18:02
Django version 6.0.6, using settings 'config.settings'
Starting ASGI/Daphne version 4.2.3 development server at http://0.0.0.0:8000/
Quit the server with CTRL-BREAK.
Performing system checks...

System check identified no issues (0 silenced).
August 11, 2026 - 17:30:08
Django version 6.0.6, using settings 'config.settings'
Starting ASGI/Daphne version 4.2.3 development server at http://0.0.0.0:8000/
Quit the server with CTRL-BREAK.
Performing system checks...

System check identified no issues (0 silenced).
August 11, 2026 - 17:42:08
Django version 6.0.6, using settings 'config.settings'
Starting ASGI/Daphne version 4.2.3 development server at http://0.0.0.0:8000/
Quit the server with CTRL-BREAK.
Performing system checks...

System check identified no issues (0 silenced).
August 11, 2026 - 17:42:17
Django version 6.0.6, using settings 'config.settings'
Starting ASGI/Daphne version 4.2.3 development server at http://0.0.0.0:8000/
Quit the server with CTRL-BREAK.
Performing system checks...

System check identified no issues (0 silenced).
August 11, 2026 - 17:42:39
Django version 6.0.6, using settings 'config.settings'
Starting ASGI/Daphne version 4.2.3 development server at http://0.0.0.0:8000/
Quit the server with CTRL-BREAK.
Performing system checks...

System check identified no issues (0 silenced).
August 11, 2026 - 18:19:18
Django version 6.0.6, using settings 'config.settings'
Starting ASGI/Daphne version 4.2.3 development server at http://0.0.0.0:8000/
Quit the server with CTRL-BREAK.
Performing system checks...

System check identified no issues (0 silenced).
August 11, 2026 - 18:19:31
Django version 6.0.6, using settings 'config.settings'
Starting ASGI/Daphne version 4.2.3 development server at http://0.0.0.0:8000/
Quit the server with CTRL-BREAK.
Performing system checks...

System check identified no issues (0 silenced).
August 11, 2026 - 18:19:42
Django version 6.0.6, using settings 'config.settings'
Starting ASGI/Daphne version 4.2.3 development server at http://0.0.0.0:8000/
Quit the server with CTRL-BREAK.
Performing system checks...

System check identified no issues (0 silenced).
August 11, 2026 - 18:20:02
Django version 6.0.6, using settings 'config.settings'
Starting ASGI/Daphne version 4.2.3 development server at http://0.0.0.0:8000/
Quit the server with CTRL-BREAK.
